== stdout ==
== stderr ==
Error: "abcd1234" matches 2 cached IDs.
Try:   narrow the term, or use one of:
         abcd1234FIRSTabcAAAAAAAAAAAAAAAAAAAAAAAAAAAAAAAAAAAAAAAAAAAAAAAAAAAAAAAAAAAAAAAAAAAAAAAA==
         abcd1234SECONDabAAAAAAAAAAAAAAAAAAAAAAAAAAAAAAAAAAAAAAAAAAAAAAAAAAAAAAAAAAAAAAAAAAAAAAAA==
