== stdout ==
== stderr ==
Error: "jane" matches 2 contacts.
Try:   narrow the term, or use one of:
         7Kd91mQxT9wLpN4vAAAAAAAAAAAAAAAAAAAAAAAAAAAAAAAAAAAAAAAAAAAAAAAAAAAAAAAAAAAAAAAAAAAAAAAA==  jane@example.com
         3Ns8pT2vSJf2oHzHAAAAAAAAAAAAAAAAAAAAAAAAAAAAAAAAAAAAAAAAAAAAAAAAAAAAAAAAAAAAAAAAAAAAAAAA==  jane.roe@work.example
