== stdout ==
[2mSubject:  [22m  Invoice #2291 is ready
[2mSignature:[22m  [32mverified[39m
[2mSubject:  [22m  Invoice #2291 is ready
[2mSignature:[22m  unsigned
[2mSubject:  [22m  Invoice #2291 is ready
[2mSignature:[22m  [33munverified[39m
[2mSubject:  [22m  Invoice #2291 is ready
[2mSignature:[22m  [31minvalid[39m
== stderr ==
