== stdout ==
ID        FROM          SUBJECT        DATE              FLAGS
────────  ────────────  ─────────────  ────────────────  ─────
5bH2mQxK  Fastmail Bi…  Invoice #229…  2026-04-15 14:32  ●★📎
9xL4pQrT  Trailhead W…  The north tr…  2026-04-15 09:02  ●
2mNp7RsV  Jane Roe      Re: Quarterl…  2026-04-14 17:48
== stderr ==
3 messages.
